============================= test session starts =============================
platform win32 -- Python 3.12.10, pytest-8.3.4, pluggy-1.6.0
rootdir: F:\Hobbies\RLStudio
configfile: pyproject.toml
plugins: anyio-4.11.0
collected 0 items / 1 error

=================================== ERRORS ====================================
____________________ ERROR collecting tests/test_smoke.py _____________________
ImportError while importing test module 'F:\Hobbies\RLStudio\tests\test_smoke.py'.
Hint: make sure your test modules/packages have valid Python names.
Traceback:
C:\Users\Gibrail Hassan\AppData\Local\Programs\Python\Python312\Lib\importlib\__init__.py:90: in import_module
    return _bootstrap._gcd_import(name[level:], package, level)
tests\test_smoke.py:4: in <module>
    import gymnasium as gym
E   ModuleNotFoundError: No module named 'gymnasium'
=========================== short test summary info ===========================
ERROR tests/test_smoke.py
!!!!!!!!!!!!!!!!!!! Interrupted: 1 error during collection !!!!!!!!!!!!!!!!!!!!
============================== 1 error in 1.89s ===============================
